[     175ms] [INFO] %cDownload the React DevTools for a better development experience: https://react.dev/link/react-devtools font-weight:bold @ http://localhost:3002/_next/static/chunks/node_modules_next_dist_1ybzpk2._.js:2489
[     196ms] [LOG] [HMR] connected @ http://localhost:3002/_next/static/chunks/node_modules_next_dist_1ybzpk2._.js:2489
[   20932ms] [INFO] %cDownload the React DevTools for a better development experience: https://react.dev/link/react-devtools font-weight:bold @ http://localhost:3002/_next/static/chunks/node_modules_next_dist_1ybzpk2._.js:2489
[   20951ms] [LOG] [HMR] connected @ http://localhost:3002/_next/static/chunks/node_modules_next_dist_1ybzpk2._.js:2489
[   74486ms] [INFO] %cDownload the React DevTools for a better development experience: https://react.dev/link/react-devtools font-weight:bold @ http://localhost:3002/_next/static/chunks/node_modules_next_dist_1ybzpk2._.js:2489
[   74505ms] [LOG] [HMR] connected @ http://localhost:3002/_next/static/chunks/node_modules_next_dist_1ybzpk2._.js:2489
[  132996ms] [INFO] %cDownload the React DevTools for a better development experience: https://react.dev/link/react-devtools font-weight:bold @ http://localhost:3002/_next/static/chunks/node_modules_next_dist_1ybzpk2._.js:2489
[  133015ms] [LOG] [HMR] connected @ http://localhost:3002/_next/static/chunks/node_modules_next_dist_1ybzpk2._.js:2489
[  145198ms] [INFO] %cDownload the React DevTools for a better development experience: https://react.dev/link/react-devtools font-weight:bold @ http://localhost:3002/_next/static/chunks/node_modules_next_dist_1ybzpk2._.js:2489
[  145216ms] [LOG] [HMR] connected @ http://localhost:3002/_next/static/chunks/node_modules_next_dist_1ybzpk2._.js:2489
[  156466ms] [INFO] %cDownload the React DevTools for a better development experience: https://react.dev/link/react-devtools font-weight:bold @ http://localhost:3002/_next/static/chunks/node_modules_next_dist_1ybzpk2._.js:2489
[  156480ms] [LOG] [HMR] connected @ http://localhost:3002/_next/static/chunks/node_modules_next_dist_1ybzpk2._.js:2489
[  164393ms] [LOG] [Fast Refresh] rebuilding @ http://localhost:3002/_next/static/chunks/node_modules_next_dist_1ybzpk2._.js:2489
[  165706ms] [WARNING] [HMR] Invalid message: {"isTrusted":true}
TypeError: Cannot convert undefined or null to object
    at Object.keys (<anonymous>)
    at extractModulesFromTurbopackMessage (http://localhost:3002/_next/static/chunks/node_modules_next_dist_client_0r5nbpw._.js:13754:39)
    at TurbopackHmr.onTurbopackMessage (http://localhost:3002/_next/static/chunks/node_modules_next_dist_client_0r5nbpw._.js:13701:32)
    at processMessage (http://localhost:3002/_next/static/chunks/node_modules_next_dist_client_0r5nbpw._.js:14059:30)
    at WebSocket.handleMessage (http://localhost:3002/_next/static/chunks/node_modules_next_dist_client_0r5nbpw._.js:13458:52) @ http://localhost:3002/_next/static/chunks/node_modules_next_dist_1ybzpk2._.js:2489
[  165710ms] [LOG] [Fast Refresh] done in 1426ms @ http://localhost:3002/_next/static/chunks/node_modules_next_dist_1ybzpk2._.js:2489
[  165824ms] [LOG] [Fast Refresh] rebuilding @ http://localhost:3002/_next/static/chunks/node_modules_next_dist_1ybzpk2._.js:2489
[  165907ms] [LOG] [Fast Refresh] done in 188ms @ http://localhost:3002/_next/static/chunks/node_modules_next_dist_1ybzpk2._.js:2489
[  166021ms] [LOG] [Fast Refresh] rebuilding @ http://localhost:3002/_next/static/chunks/node_modules_next_dist_1ybzpk2._.js:2489
[  166147ms] [LOG] [Fast Refresh] done in 228ms @ http://localhost:3002/_next/static/chunks/node_modules_next_dist_1ybzpk2._.js:2489
[  166556ms] [LOG] [Fast Refresh] rebuilding @ http://localhost:3002/_next/static/chunks/node_modules_next_dist_1ybzpk2._.js:2489
[  166637ms] [LOG] [Fast Refresh] done in 186ms @ http://localhost:3002/_next/static/chunks/node_modules_next_dist_1ybzpk2._.js:2489
[  209853ms] [LOG] [Fast Refresh] rebuilding @ http://localhost:3002/_next/static/chunks/node_modules_next_dist_1ybzpk2._.js:2489
[  210014ms] [LOG] [Fast Refresh] done in 264ms @ http://localhost:3002/_next/static/chunks/node_modules_next_dist_1ybzpk2._.js:2489
[  268272ms] [LOG] [Fast Refresh] rebuilding @ http://localhost:3002/_next/static/chunks/node_modules_next_dist_1ybzpk2._.js:2489
[  268448ms] [LOG] [Fast Refresh] done in 232ms @ http://localhost:3002/_next/static/chunks/node_modules_next_dist_1ybzpk2._.js:2489
[  294568ms] [LOG] [Fast Refresh] rebuilding @ http://localhost:3002/_next/static/chunks/node_modules_next_dist_1ybzpk2._.js:2489
[  294586ms] [LOG] [Fast Refresh] done in 120ms @ http://localhost:3002/_next/static/chunks/node_modules_next_dist_1ybzpk2._.js:2489
[  825612ms] [LOG] [Fast Refresh] rebuilding @ http://localhost:3002/_next/static/chunks/node_modules_next_dist_1ybzpk2._.js:2489
[  825782ms] [LOG] [Fast Refresh] done in 87ms @ http://localhost:3002/_next/static/chunks/node_modules_next_dist_1ybzpk2._.js:2489
[  826059ms] [LOG] [Fast Refresh] rebuilding @ http://localhost:3002/_next/static/chunks/node_modules_next_dist_1ybzpk2._.js:2489
[  826387ms] [LOG] [Fast Refresh] done in 315ms @ http://localhost:3002/_next/static/chunks/node_modules_next_dist_1ybzpk2._.js:2489
[  826868ms] [WARNING] Image with src "/images/process-discovery.png" has "fill" and parent element with invalid "position". Provided "static" should be one of absolute,fixed,relative. @ http://localhost:3002/_next/static/chunks/node_modules_next_dist_1ybzpk2._.js:2489
[  861726ms] [LOG] [Fast Refresh] rebuilding @ http://localhost:3002/_next/static/chunks/node_modules_next_dist_1ybzpk2._.js:2489
[  861862ms] [LOG] [Fast Refresh] done in 220ms @ http://localhost:3002/_next/static/chunks/node_modules_next_dist_1ybzpk2._.js:2489
[  878416ms] [LOG] [Fast Refresh] rebuilding @ http://localhost:3002/_next/static/chunks/node_modules_next_dist_1ybzpk2._.js:2489
[  878483ms] [LOG] [Fast Refresh] done in 118ms @ http://localhost:3002/_next/static/chunks/node_modules_next_dist_1ybzpk2._.js:2489
[  956322ms] [LOG] [Fast Refresh] rebuilding @ http://localhost:3002/_next/static/chunks/node_modules_next_dist_1ybzpk2._.js:2489
[  956379ms] [LOG] [Fast Refresh] done in 110ms @ http://localhost:3002/_next/static/chunks/node_modules_next_dist_1ybzpk2._.js:2489
[ 1006829ms] [LOG] [Fast Refresh] rebuilding @ http://localhost:3002/_next/static/chunks/node_modules_next_dist_1ybzpk2._.js:2489
[ 1006995ms] [LOG] [Fast Refresh] done in 267ms @ http://localhost:3002/_next/static/chunks/node_modules_next_dist_1ybzpk2._.js:2489
[ 1339619ms] [LOG] [Fast Refresh] rebuilding @ http://localhost:3002/_next/static/chunks/node_modules_next_dist_1ybzpk2._.js:2489
[ 1339802ms] [LOG] [Fast Refresh] done in 103ms @ http://localhost:3002/_next/static/chunks/node_modules_next_dist_1ybzpk2._.js:2489
[ 1339918ms] [LOG] [Fast Refresh] rebuilding @ http://localhost:3002/_next/static/chunks/node_modules_next_dist_1ybzpk2._.js:2489
[ 1339923ms] [LOG] [Fast Refresh] done in 117ms @ http://localhost:3002/_next/static/chunks/node_modules_next_dist_1ybzpk2._.js:2489
[ 1340039ms] [LOG] [Fast Refresh] rebuilding @ http://localhost:3002/_next/static/chunks/node_modules_next_dist_1ybzpk2._.js:2489
[ 1340206ms] [LOG] [Fast Refresh] done in 263ms @ http://localhost:3002/_next/static/chunks/node_modules_next_dist_1ybzpk2._.js:2489
[ 1340310ms] [LOG] [Fast Refresh] rebuilding @ http://localhost:3002/_next/static/chunks/node_modules_next_dist_1ybzpk2._.js:2489
[ 1340404ms] [LOG] [Fast Refresh] done in 194ms @ http://localhost:3002/_next/static/chunks/node_modules_next_dist_1ybzpk2._.js:2489
[ 1340516ms] [LOG] [Fast Refresh] rebuilding @ http://localhost:3002/_next/static/chunks/node_modules_next_dist_1ybzpk2._.js:2489
[ 1340610ms] [LOG] [Fast Refresh] done in 162ms @ http://localhost:3002/_next/static/chunks/node_modules_next_dist_1ybzpk2._.js:2489
[ 1343599ms] [WARNING] The resource http://localhost:3002/_next/image?url=%2Fimages%2Fprocess-discovery.png&w=750&q=75 was preloaded using link preload but not used within a few seconds from the window's load event. Please make sure it has an appropriate `as` value and it is preloaded intentionally. @ http://localhost:3002/:0
[ 1352628ms] [LOG] [Fast Refresh] rebuilding @ http://localhost:3002/_next/static/chunks/node_modules_next_dist_1ybzpk2._.js:2489
[ 1352787ms] [LOG] [Fast Refresh] done in 219ms @ http://localhost:3002/_next/static/chunks/node_modules_next_dist_1ybzpk2._.js:2489
[ 1355758ms] [WARNING] The resource http://localhost:3002/_next/image?url=%2Fimages%2Fprocess-discovery.png&w=750&q=75 was preloaded using link preload but not used within a few seconds from the window's load event. Please make sure it has an appropriate `as` value and it is preloaded intentionally. @ http://localhost:3002/:0
[ 1441118ms] [LOG] [Fast Refresh] rebuilding @ http://localhost:3002/_next/static/chunks/node_modules_next_dist_1ybzpk2._.js:2489
[ 1441294ms] [LOG] [Fast Refresh] done in 90ms @ http://localhost:3002/_next/static/chunks/node_modules_next_dist_1ybzpk2._.js:2489
[ 1444457ms] [WARNING] The resource http://localhost:3002/_next/image?url=%2Fimages%2Fprocess-discovery.png&w=750&q=75 was preloaded using link preload but not used within a few seconds from the window's load event. Please make sure it has an appropriate `as` value and it is preloaded intentionally. @ http://localhost:3002/:0
[ 1493273ms] [LOG] [Fast Refresh] rebuilding @ http://localhost:3002/_next/static/chunks/node_modules_next_dist_1ybzpk2._.js:2489
[ 1493428ms] [LOG] [Fast Refresh] done in 89ms @ http://localhost:3002/_next/static/chunks/node_modules_next_dist_1ybzpk2._.js:2489
[ 1496437ms] [WARNING] The resource http://localhost:3002/_next/image?url=%2Fimages%2Fprocess-discovery.png&w=750&q=75 was preloaded using link preload but not used within a few seconds from the window's load event. Please make sure it has an appropriate `as` value and it is preloaded intentionally. @ http://localhost:3002/:0
[ 1516495ms] [LOG] [Fast Refresh] rebuilding @ http://localhost:3002/_next/static/chunks/node_modules_next_dist_1ybzpk2._.js:2489
[ 1516589ms] [LOG] [Fast Refresh] done in 207ms @ http://localhost:3002/_next/static/chunks/node_modules_next_dist_1ybzpk2._.js:2489
[ 1605715ms] [LOG] [Fast Refresh] rebuilding @ http://localhost:3002/_next/static/chunks/node_modules_next_dist_1ybzpk2._.js:2489
[ 1605867ms] [LOG] [Fast Refresh] done in 237ms @ http://localhost:3002/_next/static/chunks/node_modules_next_dist_1ybzpk2._.js:2489
[ 1606102ms] [LOG] [Fast Refresh] rebuilding @ http://localhost:3002/_next/static/chunks/node_modules_next_dist_1ybzpk2._.js:2489
[ 1606245ms] [LOG] [Fast Refresh] done in 102ms @ http://localhost:3002/_next/static/chunks/node_modules_next_dist_1ybzpk2._.js:2489
[ 1609329ms] [WARNING] The resource http://localhost:3002/_next/image?url=%2Fimages%2Fprocess-discovery.png&w=750&q=75 was preloaded using link preload but not used within a few seconds from the window's load event. Please make sure it has an appropriate `as` value and it is preloaded intentionally. @ http://localhost:3002/:0
[ 1621810ms] [LOG] [Fast Refresh] rebuilding @ http://localhost:3002/_next/static/chunks/node_modules_next_dist_1ybzpk2._.js:2489
[ 1621914ms] [LOG] [Fast Refresh] done in 205ms @ http://localhost:3002/_next/static/chunks/node_modules_next_dist_1ybzpk2._.js:2489
[ 2023854ms] [LOG] [Fast Refresh] rebuilding @ http://localhost:3002/_next/static/chunks/node_modules_next_dist_1ybzpk2._.js:2489
[ 2024007ms] [LOG] [Fast Refresh] done in 90ms @ http://localhost:3002/_next/static/chunks/node_modules_next_dist_1ybzpk2._.js:2489
[ 2024361ms] [LOG] [Fast Refresh] rebuilding @ http://localhost:3002/_next/static/chunks/node_modules_next_dist_1ybzpk2._.js:2489
[ 2024523ms] [LOG] [Fast Refresh] done in 91ms @ http://localhost:3002/_next/static/chunks/node_modules_next_dist_1ybzpk2._.js:2489
[ 2024843ms] [LOG] [Fast Refresh] rebuilding @ http://localhost:3002/_next/static/chunks/node_modules_next_dist_1ybzpk2._.js:2489
[ 2025102ms] [LOG] [Fast Refresh] done in 326ms @ http://localhost:3002/_next/static/chunks/node_modules_next_dist_1ybzpk2._.js:2489
[ 2028082ms] [WARNING] The resource http://localhost:3002/_next/image?url=%2Fimages%2Fprocess-discovery.png&w=750&q=75 was preloaded using link preload but not used within a few seconds from the window's load event. Please make sure it has an appropriate `as` value and it is preloaded intentionally. @ http://localhost:3002/:0
[ 2038448ms] [LOG] [Fast Refresh] rebuilding @ http://localhost:3002/_next/static/chunks/node_modules_next_dist_1ybzpk2._.js:2489
[ 2038515ms] [LOG] [Fast Refresh] done in 136ms @ http://localhost:3002/_next/static/chunks/node_modules_next_dist_1ybzpk2._.js:2489
[ 2041497ms] [WARNING] The resource http://localhost:3002/_next/image?url=%2Fimages%2Fprocess-discovery.png&w=750&q=75 was preloaded using link preload but not used within a few seconds from the window's load event. Please make sure it has an appropriate `as` value and it is preloaded intentionally. @ http://localhost:3002/:0
[ 2078082ms] [LOG] [Fast Refresh] rebuilding @ http://localhost:3002/_next/static/chunks/node_modules_next_dist_1ybzpk2._.js:2489
[ 2078228ms] [LOG] [Fast Refresh] done in 253ms @ http://localhost:3002/_next/static/chunks/node_modules_next_dist_1ybzpk2._.js:2489
[ 2583202ms] [LOG] [Fast Refresh] rebuilding @ http://localhost:3002/_next/static/chunks/node_modules_next_dist_1ybzpk2._.js:2489
[ 2583397ms] [LOG] [Fast Refresh] done in 255ms @ http://localhost:3002/_next/static/chunks/node_modules_next_dist_1ybzpk2._.js:2489
[ 2586367ms] [WARNING] The resource http://localhost:3002/_next/image?url=%2Fimages%2Fprocess-discovery.png&w=750&q=75 was preloaded using link preload but not used within a few seconds from the window's load event. Please make sure it has an appropriate `as` value and it is preloaded intentionally. @ http://localhost:3002/:0
[ 5628478ms] [LOG] [Fast Refresh] rebuilding @ http://localhost:3002/_next/static/chunks/node_modules_next_dist_1ybzpk2._.js:2489
[ 5630142ms] [LOG] [Fast Refresh] done in 1752ms @ http://localhost:3002/_next/static/chunks/node_modules_next_dist_1ybzpk2._.js:2489
[ 5630251ms] [LOG] [Fast Refresh] rebuilding @ http://localhost:3002/_next/static/chunks/node_modules_next_dist_1ybzpk2._.js:2489
[ 5630269ms] [LOG] [Fast Refresh] done in 123ms @ http://localhost:3002/_next/static/chunks/node_modules_next_dist_1ybzpk2._.js:2489
[ 5630585ms] [LOG] [Fast Refresh] rebuilding @ http://localhost:3002/_next/static/chunks/node_modules_next_dist_1ybzpk2._.js:2489
[ 5630968ms] [LOG] [Fast Refresh] done in 493ms @ http://localhost:3002/_next/static/chunks/node_modules_next_dist_1ybzpk2._.js:2489
[ 5631071ms] [LOG] [Fast Refresh] rebuilding @ http://localhost:3002/_next/static/chunks/node_modules_next_dist_1ybzpk2._.js:2489
[ 5631222ms] [LOG] [Fast Refresh] done in 253ms @ http://localhost:3002/_next/static/chunks/node_modules_next_dist_1ybzpk2._.js:2489
[ 5633886ms] [WARNING] The resource http://localhost:3002/_next/image?url=%2Fimages%2Fprocess-discovery.png&w=750&q=75 was preloaded using link preload but not used within a few seconds from the window's load event. Please make sure it has an appropriate `as` value and it is preloaded intentionally. @ http://localhost:3002/:0
[ 5637602ms] [LOG] [Fast Refresh] rebuilding @ http://localhost:3002/_next/static/chunks/node_modules_next_dist_1ybzpk2._.js:2489
[ 5638896ms] [LOG] [Fast Refresh] done in 1395ms @ http://localhost:3002/_next/static/chunks/node_modules_next_dist_1ybzpk2._.js:2489
[ 5640920ms] [WARNING] The resource http://localhost:3002/_next/image?url=%2Fimages%2Fprocess-discovery.png&w=750&q=75 was preloaded using link preload but not used within a few seconds from the window's load event. Please make sure it has an appropriate `as` value and it is preloaded intentionally. @ http://localhost:3002/:0
[ 5680065ms] [LOG] [Fast Refresh] rebuilding @ http://localhost:3002/_next/static/chunks/node_modules_next_dist_1ybzpk2._.js:2489
[ 5680451ms] [LOG] [Fast Refresh] done in 469ms @ http://localhost:3002/_next/static/chunks/node_modules_next_dist_1ybzpk2._.js:2489
[ 5683449ms] [WARNING] The resource http://localhost:3002/_next/image?url=%2Fimages%2Fprocess-discovery.png&w=750&q=75 was preloaded using link preload but not used within a few seconds from the window's load event. Please make sure it has an appropriate `as` value and it is preloaded intentionally. @ http://localhost:3002/:0
[ 5688839ms] [LOG] [Fast Refresh] rebuilding @ http://localhost:3002/_next/static/chunks/node_modules_next_dist_1ybzpk2._.js:2489
[ 5688917ms] [LOG] [Fast Refresh] done in 143ms @ http://localhost:3002/_next/static/chunks/node_modules_next_dist_1ybzpk2._.js:2489
[ 5691898ms] [WARNING] The resource http://localhost:3002/_next/image?url=%2Fimages%2Fprocess-discovery.png&w=750&q=75 was preloaded using link preload but not used within a few seconds from the window's load event. Please make sure it has an appropriate `as` value and it is preloaded intentionally. @ http://localhost:3002/:0
[ 5793396ms] [LOG] [Fast Refresh] rebuilding @ http://localhost:3002/_next/static/chunks/node_modules_next_dist_1ybzpk2._.js:2489
[ 5793448ms] [LOG] [Fast Refresh] done in 153ms @ http://localhost:3002/_next/static/chunks/node_modules_next_dist_1ybzpk2._.js:2489
[ 5867271ms] [LOG] [Fast Refresh] rebuilding @ http://localhost:3002/_next/static/chunks/node_modules_next_dist_1ybzpk2._.js:2489
[ 5867275ms] [LOG] [Fast Refresh] done in 126ms @ http://localhost:3002/_next/static/chunks/node_modules_next_dist_1ybzpk2._.js:2489
[ 5876394ms] [LOG] [Fast Refresh] rebuilding @ http://localhost:3002/_next/static/chunks/node_modules_next_dist_1ybzpk2._.js:2489
[ 5876434ms] [LOG] [Fast Refresh] done in 149ms @ http://localhost:3002/_next/static/chunks/node_modules_next_dist_1ybzpk2._.js:2489
[ 5973439ms] [LOG] [Fast Refresh] rebuilding @ http://localhost:3002/_next/static/chunks/node_modules_next_dist_1ybzpk2._.js:2489
[ 5973439ms] [LOG] [Fast Refresh] done in 109ms @ http://localhost:3002/_next/static/chunks/node_modules_next_dist_1ybzpk2._.js:2489
[ 5990429ms] [LOG] [Fast Refresh] rebuilding @ http://localhost:3002/_next/static/chunks/node_modules_next_dist_1ybzpk2._.js:2489
[ 5990445ms] [LOG] [Fast Refresh] done in 121ms @ http://localhost:3002/_next/static/chunks/node_modules_next_dist_1ybzpk2._.js:2489
[ 6006002ms] [LOG] [Fast Refresh] rebuilding @ http://localhost:3002/_next/static/chunks/node_modules_next_dist_1ybzpk2._.js:2489
[ 6006002ms] [LOG] [Fast Refresh] done in 104ms @ http://localhost:3002/_next/static/chunks/node_modules_next_dist_1ybzpk2._.js:2489
[ 6042374ms] [LOG] [Fast Refresh] rebuilding @ http://localhost:3002/_next/static/chunks/node_modules_next_dist_1ybzpk2._.js:2489
[ 6042375ms] [LOG] [Fast Refresh] done in 103ms @ http://localhost:3002/_next/static/chunks/node_modules_next_dist_1ybzpk2._.js:2489
[ 6282678ms] [LOG] [Fast Refresh] rebuilding @ http://localhost:3002/_next/static/chunks/node_modules_next_dist_1ybzpk2._.js:2489
[ 6282747ms] [LOG] [Fast Refresh] done in 134ms @ http://localhost:3002/_next/static/chunks/node_modules_next_dist_1ybzpk2._.js:2489
[ 6285715ms] [WARNING] The resource http://localhost:3002/_next/image?url=%2Fimages%2Fprocess-discovery.png&w=750&q=75 was preloaded using link preload but not used within a few seconds from the window's load event. Please make sure it has an appropriate `as` value and it is preloaded intentionally. @ http://localhost:3002/:0
[ 6306881ms] [LOG] [Fast Refresh] rebuilding @ http://localhost:3002/_next/static/chunks/node_modules_next_dist_1ybzpk2._.js:2489
[ 6306897ms] [LOG] [Fast Refresh] done in 126ms @ http://localhost:3002/_next/static/chunks/node_modules_next_dist_1ybzpk2._.js:2489
[ 6344712ms] [LOG] [Fast Refresh] rebuilding @ http://localhost:3002/_next/static/chunks/node_modules_next_dist_1ybzpk2._.js:2489
[ 6344780ms] [LOG] [Fast Refresh] done in 129ms @ http://localhost:3002/_next/static/chunks/node_modules_next_dist_1ybzpk2._.js:2489
[ 6347751ms] [WARNING] The resource http://localhost:3002/_next/image?url=%2Fimages%2Fprocess-discovery.png&w=750&q=75 was preloaded using link preload but not used within a few seconds from the window's load event. Please make sure it has an appropriate `as` value and it is preloaded intentionally. @ http://localhost:3002/:0
[ 6347938ms] [LOG] [Fast Refresh] rebuilding @ http://localhost:3002/_next/static/chunks/node_modules_next_dist_1ybzpk2._.js:2489
[ 6347940ms] [LOG] [Fast Refresh] done in 107ms @ http://localhost:3002/_next/static/chunks/node_modules_next_dist_1ybzpk2._.js:2489
[ 6406588ms] [LOG] [Fast Refresh] rebuilding @ http://localhost:3002/_next/static/chunks/node_modules_next_dist_1ybzpk2._.js:2489
[ 6406747ms] [LOG] [Fast Refresh] done in 225ms @ http://localhost:3002/_next/static/chunks/node_modules_next_dist_1ybzpk2._.js:2489
[ 6409725ms] [WARNING] The resource http://localhost:3002/_next/image?url=%2Fimages%2Fprocess-discovery.png&w=750&q=75 was preloaded using link preload but not used within a few seconds from the window's load event. Please make sure it has an appropriate `as` value and it is preloaded intentionally. @ http://localhost:3002/:0
